============================= test session starts =============================
platform win32 -- Python 3.10.11, pytest-9.0.2, pluggy-1.6.0
django: version: 5.2.1, settings: config.settings (from ini)
rootdir: C:\3-way-po-recon
configfile: pytest.ini
plugins: anyio-3.7.1, django-4.12.0
collected 40 items

